(base) python -m network_parser.cli train-two-level \                                                                                                   
--genomic  /Users/nmfuphicsir.co.za/Documents/pHDProject/Data/AFRO_TB/ALL \                  
--meta /Users/nmfuphicsir.co.za/Documents/data/AFRO_TB/AFRO_dataset_meta.csv \
--level1_label Lineage \
--level2_label Pheno \
--ref_fasta /Users/nmfuphicsir.co.za/Documents/pHDProject/Code/VCF_2_Matrix/ref/H37Rv.gbk \
--output_dir /Users/nmfuphicsir.co.za/Documents/pHDProject/Results/All_VCFs/ALL \
--n_jobs 6
2026-05-04 17:49:20,881 | INFO | __main__ | Starting NetworkParser two-level training
2026-05-04 17:49:20,881 | INFO | network_parser.two_level_protocol | Two-level training: loading genomic matrix
2026-05-04 17:49:20,881 | INFO | network_parser.data_loader | DataLoader: input=/Users/nmfuphicsir.co.za/Documents/pHDProject/Data/AFRO_TB/ALL
2026-05-04 17:49:20,881 | INFO | network_parser.data_loader | DataLoader: mode=vcf_directory
2026-05-04 17:49:21,021 | INFO | network_parser.data_loader | DataLoader: discovered 13734 VCF(s) in /Users/nmfuphicsir.co.za/Documents/pHDProject/Data/AFRO_TB/ALL (biallelic_only=True)
2026-05-04 17:49:21,021 | INFO | network_parser.data_loader | DataLoader: per-sample parsing plan
  Each VCF will be scanned record-by-record using iter_sample_calls().
  Retained calls: SNP-like, biallelic (if enabled), passing QC thresholds.
  Per-sample output: an in-memory dict mapping site→(REF, CALLED) for retained sites.
2026-05-04 17:49:21,022 | INFO | network_parser.data_loader | DataLoader: record-level QC thresholds (applied during parsing)
  QUAL>=30.0 | INFO/DP>=10 | INFO/MQ>=40.0 | INFO/MQ0F<=0.100
2026-05-04 17:49:21,022 | INFO | network_parser.data_loader | DataLoader: cohort + matrix settings (applied after parsing)
  min_sample_presence=10 | baseline=REF | min_minor_count=10
2026-05-04 17:49:21,022 | INFO | network_parser.data_loader | DataLoader: starting parallel per-sample parsing (n_jobs=6)
2026-05-04 17:51:05,087 | INFO | network_parser.data_loader | DataLoader: parsing complete
  samples=13734
  total_called_sites=16361007
  mean_calls_per_sample=1191.28
  storage=results list of (sample_id, calls_dict) in memory
2026-05-04 17:51:05,088 | INFO | network_parser.data_loader | DataLoader: cohort merge starting
  The per-sample call dictionaries will now be aggregated into:
    (1) per_sample_calls[sample] → calls_dict
    (2) site_counts[site] → carrier_count for allele-specific events
  Alternate alleles at the same genomic position will be retained as separate features.
2026-05-04 17:51:15,833 | INFO | network_parser.data_loader | DataLoader: cohort merge complete
  per_sample_calls now holds 13734 per-genome call maps.
  site_counts now defines the cohort-wide polymorphic site universe (pre-filter).
2026-05-04 17:51:15,835 | INFO | network_parser.data_loader | DataLoader: cohort variant landscape (pre-filter)
  The cohort comprises 13734 genomes.
  A total of 445673 unique allele-specific polymorphic features were observed.
  These correspond to 16361007 total mutation occurrences across genomes.
  Alternate alleles at the same genomic position were retained as separate features.
2026-05-04 17:51:15,836 | INFO | network_parser.data_loader | DataLoader: cohort artifacts
  Output will be written to: /Users/nmfuphicsir.co.za/Documents/pHDProject/Results/All_VCFs/ALL/matrices
  Writing occurs after presence filtering and encoding (matrices + FASTA + annotation tables).
2026-05-04 17:51:15,890 | INFO | network_parser.data_loader | DataLoader: cohort presence filtering
  A minimum of 10 genomes per site was required.
  41301 of 445673 polymorphic sites were retained (9.27% retained).
  Sites failing this threshold were removed from the cohort feature space.
2026-05-04 17:56:06,598 | INFO | network_parser.data_loader | DataLoader: baseline encoding
  The reference allele was used as the baseline.
  Encoding definition: 0 indicates the reference allele; 1 indicates a non-reference allele.
  A total of 41301 polymorphic sites were encoded.
2026-05-04 18:01:32,863 | INFO | network_parser.data_loader | DataLoader: raw binary matrix (post-encoding, pre-preprocessing)
  The matrix contains 13734 genomes (rows) and 41301 polymorphic sites (columns).
  This corresponds to 567227934 total genotype entries.
  A total of 14843178 entries are encoded as 1 (non-baseline alleles).
  Matrix density (fraction of 1s) = 0.026168.
  Mean carrier count per site = 359.39 genomes.
  Mean variant burden per genome = 1080.76 sites.
2026-05-04 18:01:36,261 | INFO | network_parser.data_loader | DataLoader: variant frequency summary (carriers per feature)
  singleton_sites=0 (carriers==1)
  doubleton_sites=0 (carriers==2)
2026-05-04 18:02:59,213 | INFO | network_parser.data_loader | DataLoader: matrix preprocessing (post-encoding)
  The preprocessing stage applied invariant-site removal and minor allele count filtering.
  Invariant removal enabled: True.
  Rationale: remove markers with no variation across samples
  Purpose: eliminate non-informative genomic features before downstream analysis
  Minimum minor allele count threshold: 10.
  Rationale: remove markers where minority state appears
  Purpose: avoids instability from extremely rare variants in small cohorts
  The matrix contained 41301 features prior to preprocessing.
  0 invariant features were removed.
  0 features were removed due to insufficient minor allele count.
  41301 features remain after preprocessing.
2026-05-04 18:02:59,221 | INFO | network_parser.data_loader | DataLoader: wrote config snapshot /Users/nmfuphicsir.co.za/Documents/pHDProject/Results/All_VCFs/ALL/matrices/dataloader_config.snapshot.json
2026-05-04 18:04:35,789 | INFO | network_parser.data_loader | DataLoader: synchronized artifact inputs to post-preprocessing feature set
  retained_features=41301
  removed_from_artifact_inputs=0
  purpose=prevent preprocessed-away markers from re-entering downstream matrices
2026-05-04 18:04:35,825 | INFO | network_parser.data_loader | DataLoader: writing artifacts
  output_dir=/Users/nmfuphicsir.co.za/Documents/pHDProject/Results/All_VCFs/ALL/matrices
2026-05-04 18:04:35,828 | INFO | network_parser.data_loader | Artifacts: start (out=/Users/nmfuphicsir.co.za/Documents/pHDProject/Results/All_VCFs/ALL/matrices)
2026-05-04 18:04:35,828 | INFO | network_parser.data_loader | Artifacts: inputs kept_sites=41301 | ordered_keys=41301 | samples=13734 | ref_path=/Users/nmfuphicsir.co.za/Documents/pHDProject/Code/VCF_2_Matrix/ref/H37Rv.gbk
2026-05-04 18:07:20,778 | INFO | network_parser.data_loader | Artifacts: all_snp.txt done (164.95s) rows=41301 cols=9
2026-05-04 18:07:20,779 | INFO | network_parser.data_loader | Artifacts: wrote /Users/nmfuphicsir.co.za/Documents/pHDProject/Results/All_VCFs/ALL/matrices/vcf_counts/all_snp.txt (5.7 MB)
2026-05-04 18:07:22,338 | INFO | network_parser.data_loader | Artifacts: fasta write done (1.56s) sequences=13735 (includes REF) | length=41301
2026-05-04 18:07:22,338 | INFO | network_parser.data_loader | Artifacts: wrote /Users/nmfuphicsir.co.za/Documents/pHDProject/Results/All_VCFs/ALL/matrices/fasta/matrix_alleles.fasta (541.2 MB)
2026-05-04 18:07:22,338 | INFO | network_parser.data_loader | Artifacts: wrote /Users/nmfuphicsir.co.za/Documents/pHDProject/Results/All_VCFs/ALL/matrices/fasta/matrix_binary.fasta (541.2 MB)
2026-05-04 18:07:36,542 | INFO | network_parser.data_loader | Artifacts: filtered.tsv done (14.20s) feature_rows=41301 unique_positions=41119 context_ref=yes
2026-05-04 18:07:36,542 | INFO | network_parser.data_loader | Artifacts: wrote /Users/nmfuphicsir.co.za/Documents/pHDProject/Results/All_VCFs/ALL/matrices/fasta/matrix_filtered.tsv (8.9 MB)
2026-05-04 18:07:36,542 | INFO | network_parser.data_loader | Artifacts: matrices/* start (this is often the slow step)
2026-05-04 18:07:36,542 | INFO | network_parser.data_loader | Matrices/*: start (base=matrix)
2026-05-04 18:07:36,543 | INFO | network_parser.data_loader | Matrices stage: feature refinement prior to downstream modeling
Purpose: structural filtering + redundancy control

2026-05-04 18:07:36,543 | INFO | network_parser.data_loader | Matrices configuration:
min_minor_count=10
annotation_type_filter=all
repeat_number=5
forced_positions=''
2026-05-04 18:07:36,543 | INFO | network_parser.data_loader | Matrices/*: inputs alleles_fasta=/Users/nmfuphicsir.co.za/Documents/pHDProject/Results/All_VCFs/ALL/matrices/fasta/matrix_alleles.fasta | binary_fasta=/Users/nmfuphicsir.co.za/Documents/pHDProject/Results/All_VCFs/ALL/matrices/fasta/matrix_binary.fasta | annotation_tsv=/Users/nmfuphicsir.co.za/Documents/pHDProject/Results/All_VCFs/ALL/matrices/fasta/matrix_filtered.tsv
2026-05-04 18:07:36,543 | INFO | network_parser.data_loader | Matrices/*: output_dir=/Users/nmfuphicsir.co.za/Documents/pHDProject/Results/All_VCFs/ALL/matrices/matrices
2026-05-04 18:08:06,302 | INFO | network_parser.data_loader | Matrices/*: parsed inputs genomes=13735 | markers=41301
2026-05-04 18:08:06,302 | INFO | network_parser.data_loader | Matrices/*: annotation rows match markers (rows=41301)
2026-05-04 18:08:06,302 | INFO | network_parser.data_loader | Matrices/*: params min_count=10 | type=all | repeat_number=5 | fix=''
2026-05-04 18:34:54,755 | INFO | network_parser.data_loader | Applying minor-count sanity filter:
  Purpose: enforce low-count stability on the actual artifact matrix
  Note: this should remove nothing if DataLoader artifact synchronization worked correctly.
2026-05-04 19:17:41,284 | INFO | network_parser.data_loader | Minor-count sanity filter result: kept=41301/41301 (removed=0)
2026-05-04 19:17:41,287 | INFO | network_parser.data_loader | Minor-count filter result: kept=41301/41301 (removed=0)
2026-05-04 19:17:41,288 | INFO | network_parser.data_loader | Type filter skipped (either type='all' or annotation mismatch).
2026-05-04 19:17:41,288 | INFO | network_parser.data_loader | Type filter result: kept=41301/41301
2026-05-04 19:17:41,314 | INFO | network_parser.data_loader | Matrices/*: combined (minor AND type) kept=41301/41301
2026-05-04 19:17:55,559 | INFO | network_parser.data_loader | Applying redundancy reduction (pattern grouping):
  unique_binary_patterns=17275
  repeat_number=5
  Purpose: collapse perfectly collinear markers
           (markers sharing identical cohort-level signals)
2026-05-04 19:19:18,398 | INFO | network_parser.data_loader | Redundancy reduction result:
  retained=22951/41301
  removed_duplicate_representations=18350
2026-05-04 19:19:18,404 | INFO | network_parser.data_loader | Final marker count after all filters:
  22951/41301 retained
2026-05-04 19:27:19,425 | INFO | network_parser.data_loader | Matrices/*: wrote outputs: /Users/nmfuphicsir.co.za/Documents/pHDProject/Results/All_VCFs/ALL/matrices/matrices/matrix_alleles.tsv | /Users/nmfuphicsir.co.za/Documents/pHDProject/Results/All_VCFs/ALL/matrices/matrices/matrix_binary.tsv | /Users/nmfuphicsir.co.za/Documents/pHDProject/Results/All_VCFs/ALL/matrices/matrices/matrix_alleles.fasta | /Users/nmfuphicsir.co.za/Documents/pHDProject/Results/All_VCFs/ALL/matrices/matrices/matrix_binary.fasta | /Users/nmfuphicsir.co.za/Documents/pHDProject/Results/All_VCFs/ALL/matrices/matrices/matrix_filtered.tsv
2026-05-04 19:27:19,427 | INFO | network_parser.data_loader | Matrices/*: done
2026-05-04 19:27:51,305 | INFO | network_parser.data_loader | Artifacts: matrices/* done (1266.42s)
2026-05-04 19:27:51,310 | INFO | network_parser.data_loader | Artifacts: done (total 1447.14s)
2026-05-04 19:27:51,461 | INFO | network_parser.data_loader | DataLoader: artifact writing complete | matrices_final_markers=22951
2026-05-04 19:29:54,854 | INFO | network_parser.two_level_protocol | Using artifact-filtered binary matrix for downstream modeling: /Users/nmfuphicsir.co.za/Documents/pHDProject/Results/All_VCFs/ALL/matrices/matrices/matrix_binary.tsv | samples=13734 | features=22951
2026-05-04 19:29:55,011 | INFO | network_parser.two_level_protocol | Two-level training: loading metadata
2026-05-04 19:29:56,575 | INFO | network_parser.network_parser | Label normalization: original_n=13753 | final_n=13737 | missing_removed=16 | unique_before=11 | unique_after=8
2026-05-04 19:29:56,576 | WARNING | network_parser.network_parser | Label normalization removed 16 sample label(s) due to missing/invalid phenotype values.
2026-05-04 19:30:02,875 | INFO | network_parser.two_level_protocol | Aligned label 'Lineage' | samples=13718 | features=22951 | classes=8
2026-05-04 19:30:03,038 | INFO | network_parser.network_parser | Label normalization: original_n=13753 | final_n=13753 | missing_removed=0 | unique_before=6 | unique_after=6
2026-05-04 19:30:07,027 | INFO | network_parser.two_level_protocol | Aligned two-level supervision | samples=13718 | features=22951 | level1_classes=8 | level2_classes=6
2026-05-04 19:32:50,475 | INFO | network_parser.feature_selection | level1_strain_identity RF‑FDR started | samples=13718 | features=22951 | observed_repeats=10 | permutations=1000
2026-05-04 22:32:48,106 | INFO | network_parser.feature_selection | level1_strain_identity RF‑FDR permutation progress | 100 / 1000
2026-05-05 04:39:19,526 | INFO | network_parser.feature_selection | level1_strain_identity RF‑FDR permutation progress | 200 / 1000
2026-05-05 06:47:42,280 | INFO | network_parser.feature_selection | level1_strain_identity RF‑FDR permutation progress | 300 / 1000
2026-05-05 09:43:42,433 | INFO | network_parser.feature_selection | level1_strain_identity RF‑FDR permutation progress | 400 / 1000
2026-05-05 12:25:05,371 | INFO | network_parser.feature_selection | level1_strain_identity RF‑FDR permutation progress | 500 / 1000
2026-05-05 19:18:08,166 | INFO | network_parser.feature_selection | level1_strain_identity RF‑FDR permutation progress | 600 / 1000
2026-05-05 21:37:29,407 | INFO | network_parser.feature_selection | level1_strain_identity RF‑FDR permutation progress | 700 / 1000
2026-05-06 03:22:22,028 | INFO | network_parser.feature_selection | level1_strain_identity RF‑FDR permutation progress | 800 / 1000
2026-05-06 07:19:41,733 | INFO | network_parser.feature_selection | level1_strain_identity RF‑FDR permutation progress | 900 / 1000
2026-05-06 09:37:27,220 | INFO | network_parser.feature_selection | level1_strain_identity RF‑FDR permutation progress | 1000 / 1000
2026-05-06 09:37:33,430 | INFO | network_parser.feature_selection | level1_strain_identity RF‑FDR complete | retained_features=2409 / 22951
2026-05-06 09:37:33,814 | INFO | network_parser.ml_protocol | ML protocol alignment | genomic=13718 | labels=13718 | overlap=13718
2026-05-06 11:10:43,938 | INFO | network_parser.ml_protocol | ML selector recommendation: LR
2026-05-06 11:10:43,941 | INFO | network_parser.ml_protocol | ML selector probe scores | {'LR': 0.995822757767115, 'LinearSVC': 0.9957418444339439, 'SVC_RBF': 0.9914489908728757, 'RF': 0.9961320869152281, 'DT': 0.9836774976703792, 'MLP_small': 0.9961570359379779, 'delta_nonlinear_minus_linear': -0.004333310227653708}
2026-05-06 11:11:13,500 | INFO | network_parser.ml_protocol | Training ML protocol model | algorithm=LR | samples=13718 | features=2409
2026-05-06 19:38:05,722 | INFO | network_parser.ml_protocol | ML protocol complete | samples=13718 | features=2409 | selected_algorithm=LR | dt_candidate=True | selector_enabled=True | out=/Users/nmfuphicsir.co.za/Documents/pHDProject/Results/All_VCFs/ALL/level1_strain_identity/model/ml_protocol
2026-05-06 19:38:16,809 | INFO | network_parser.feature_selection | level2_global_resistance_profile RF‑FDR started | samples=13718 | features=22951 | observed_repeats=10 | permutations=1000
2026-05-06 21:48:55,675 | INFO | network_parser.feature_selection | level2_global_resistance_profile RF‑FDR permutation progress | 100 / 1000
2026-05-06 23:46:44,240 | INFO | network_parser.feature_selection | level2_global_resistance_profile RF‑FDR permutation progress | 200 / 1000
2026-05-07 01:44:25,752 | INFO | network_parser.feature_selection | level2_global_resistance_profile RF‑FDR permutation progress | 300 / 1000
2026-05-07 03:42:38,292 | INFO | network_parser.feature_selection | level2_global_resistance_profile RF‑FDR permutation progress | 400 / 1000
2026-05-07 08:08:55,684 | INFO | network_parser.feature_selection | level2_global_resistance_profile RF‑FDR permutation progress | 500 / 1000
2026-05-07 10:55:15,394 | INFO | network_parser.feature_selection | level2_global_resistance_profile RF‑FDR permutation progress | 600 / 1000
